(
(define-fun f ((x (_ BitVec 64)) (y (_ BitVec 64))) (_ BitVec 64) (bvadd x y))
)
(
(define-fun f ((x (_ BitVec 64)) (y (_ BitVec 64))) (_ BitVec 64) (bvnot (bvsub (bvnot x) y)))
)
(
(define-fun f ((x (_ BitVec 64)) (y (_ BitVec 64))) (_ BitVec 64) (bvnot (bvsub (bvnot y) x)))
)
(
(define-fun f ((x (_ BitVec 64)) (y (_ BitVec 64))) (_ BitVec 64) (bvadd x (bvor y (bvand x y))))
)
(
(define-fun f ((x (_ BitVec 64)) (y (_ BitVec 64))) (_ BitVec 64) (bvadd x (bvand y (bvor x y))))
)
(
(define-fun f ((x (_ BitVec 64)) (y (_ BitVec 64))) (_ BitVec 64) (bvsub x (bvsub y (bvadd y y))))
)
(
(define-fun f ((x (_ BitVec 64)) (y (_ BitVec 64))) (_ BitVec 64) (bvsub y (bvsub x (bvadd x x))))
)
(
(define-fun f ((x (_ BitVec 64)) (y (_ BitVec 64))) (_ BitVec 64) (bvadd y (bvor x (bvand x y))))
)
(
(define-fun f ((x (_ BitVec 64)) (y (_ BitVec 64))) (_ BitVec 64) (bvadd y (bvand x (bvor x y))))
)
(
(define-fun f ((x (_ BitVec 64)) (y (_ BitVec 64))) (_ BitVec 64) (bvadd (bvand x y) (bvor x y)))
)
(
(define-fun f ((x (_ BitVec 64)) (y (_ BitVec 64))) (_ BitVec 64) (bvadd x (bvand y (bvadd x (bvnot x)))))
)